====================
====================
====================
====================
====================
=S>v================
=.=v================
=..>>v==============
=.==.G==============
=.==================
====================
====================
====================
====================
====================
====================
====================
====================
====================
====================